// Jest Snapshot v1, https://goo.gl/fbAQLP

exports[`schemaToFunctions basic 1`] = `
{
  "payload": {},
  "type": "ADD",
}
`;
