// Jest Snapshot v1, https://goo.gl/fbAQLP

exports[`provenance basic 1`] = `
Array [
  "bafyreidi5qmyhv2slv5sqm2mkojrm4ki2j3cixykgfiudmktyp7jy5sauu",
  "bafyreiciavtdqojmryr4xb6ikuovrgkc5w5hau7gmlnyjzlipjizttsdfi",
  "bafyreigurnbmacoa6vokasdxnhknxmjf2jj3vzujitejowaeq3ihna5zxm",
]
`;

exports[`provenance basic 2`] = `
Array [
  Object {
    "address": Object {
      "code": 112,
      "hash": Uint8Array [
        18,
        32,
        165,
        37,
        156,
        83,
        149,
        142,
        39,
        249,
        188,
        186,
        117,
        242,
        232,
        16,
        171,
        41,
        157,
        93,
        94,
        179,
        164,
        38,
        153,
        8,
        214,
        100,
        55,
        32,
        182,
        110,
        175,
        204,
      ],
      "version": 0,
    },
    "dmz": Object {
      "code": 113,
      "hash": Uint8Array [
        18,
        32,
        7,
        173,
        102,
        172,
        13,
        107,
        49,
        228,
        125,
        170,
        87,
        213,
        125,
        251,
        182,
        82,
        200,
        203,
        121,
        7,
        87,
        168,
        83,
        33,
        148,
        222,
        89,
        232,
        190,
        188,
        91,
        33,
      ],
      "version": 1,
    },
    "lineages": Array [],
    "states": "TODO",
    "turnovers": "TODO",
    "validators": Object {
      "code": 113,
      "hash": Uint8Array [
        18,
        32,
        72,
        5,
        102,
        56,
        57,
        44,
        142,
        35,
        203,
        135,
        200,
        85,
        29,
        88,
        153,
        66,
        237,
        186,
        112,
        83,
        230,
        98,
        219,
        132,
        229,
        104,
        122,
        81,
        153,
        206,
        67,
        42,
      ],
      "version": 1,
    },
  },
  Object {
    "publicKeys": Array [
      Object {
        "code": 113,
        "hash": Uint8Array [
          18,
          32,
          212,
          139,
          66,
          192,
          9,
          192,
          245,
          92,
          160,
          72,
          119,
          105,
          212,
          219,
          177,
          37,
          210,
          83,
          186,
          230,
          137,
          68,
          200,
          151,
          88,
          4,
          134,
          208,
          118,
          131,
          185,
          187,
        ],
        "version": 1,
      },
    ],
    "quorumThreshold": 1,
  },
  Object {
    "algorithm": "Secp256k1",
    "key": "puEKUvWNGow9H4HtyXKxEWoaERpZ9BzKV9jt2Tx8FBys",
    "name": "CI",
  },
]
`;
