// Jest Snapshot v1, https://goo.gl/fbAQLP

exports[`Pulse basic 1`] = `"Address(QmYMKzxgro9NTb)"`;

exports[`Pulse birth child 1`] = `
RxReply {
  "channelId": 3,
  "payload": Object {},
  "requestIndex": 0,
  "stream": "system",
  "type": "@@RESOLVE",
}
`;
