// Jest Snapshot v1, https://goo.gl/fbAQLP

exports[`engine basic 1`] = `"Address(Qme6LZmRVdwbw3)"`;
