// Vitest Snapshot v1

exports[`schemaToFunctions > basic 1`] = `
{
  "payload": {},
  "type": "ADD",
}
`;
