// Jest Snapshot v1, https://goo.gl/fbAQLP

exports[`Car export 1`] = `68`;
