// Jest Snapshot v1, https://goo.gl/fbAQLP

exports[`Crisp reconciles diffs 1`] = `
[
  ".",
  "..",
  "about",
  "account",
  "customers",
  "routing",
  "schedule",
  "settings",
]
`;
