// Jest Snapshot v1, https://goo.gl/fbAQLP

exports[`faker customers single 1`] = `
{
  "formData": {
    "custNo": 777,
    "importedHash": "171e08cfb3ddfabbabbe2fec3beab29a54baa4c2",
    "mobile": "+61 4 7854 5398",
    "name": "Raquel Ryan",
    "serviceAddress": "162 Cole Trail",
    "serviceGps": {
      "latitude": -37.918212,
      "longitude": 175.253737,
    },
  },
  "schema": "..",
}
`;

exports[`faker routing single 1`] = `
{
  "formData": {
    "color": "cyan",
    "frequencyInDays": 7,
    "frequencyOffset": 0,
    "geometry": {
      "geometry": {
        "coordinates": [
          [
            [
              175.25263667062976,
              -37.7440816347928,
            ],
            [
              175.25447308995356,
              -37.74285429309597,
            ],
            [
              175.2482092380524,
              -37.74007573162464,
            ],
            [
              175.2468037605286,
              -37.73792916845374,
            ],
            [
              175.2453339099884,
              -37.73694495267064,
            ],
            [
              175.2380704879761,
              -37.73646980933366,
            ],
            [
              175.23473381996155,
              -37.73175214933702,
            ],
            [
              175.22886514663696,
              -37.724955135893936,
            ],
            [
              175.2258932590485,
              -37.7217133941832,
            ],
            [
              175.20791172981265,
              -37.7265335242151,
            ],
            [
              175.21149516105655,
              -37.73596072380298,
            ],
            [
              175.22545337677002,
              -37.74551680793711,
            ],
            [
              175.23420095421903,
              -37.74272279101128,
            ],
            [
              175.2365863331943,
              -37.74666492475831,
            ],
            [
              175.23770570755008,
              -37.74760093824437,
            ],
            [
              175.23989439010623,
              -37.74803359260726,
            ],
            [
              175.2410852909088,
              -37.7475076196756,
            ],
            [
              175.24511933326724,
              -37.746447179011966,
            ],
            [
              175.25025486951563,
              -37.74492435964226,
            ],
            [
              175.25263667062976,
              -37.7440816347928,
            ],
          ],
        ],
        "type": "Polygon",
      },
      "properties": {},
      "type": "Feature",
    },
    "name": "Monday A Run",
  },
  "schema": "..",
}
`;
