// Jest Snapshot v1, https://goo.gl/fbAQLP

exports[`schedules single 1`] = `
{
  "formData": {
    "publishedDate": "2023-01-30T23:42:24+00:00",
    "runDate": "2022-01-23",
  },
  "schema": "..",
}
`;
